# hmmsearch :: search profile(s) against a sequence database
# HMMER 3.3.2 (Nov 2020); http://hmmer.org/
# Copyright (C) 2020 Howard Hughes Medical Institute.
# Freely distributed under the BSD open source license.
# - - - - - - - - - - - - - - - - - - - - - - - - - - - - - - - - - - - -
# query HMM file:                  HALOPEROXIDASES/chosen_VCPOs.hmm
# target sequence database:        uniprotkb_Phosphatidic_acid_phosphatase_2024_05_29.fasta
# - - - - - - - - - - - - - - - - - - - - - - - - - - - - - - - - - - - -

Query:       chosen_VCPOs  [M=526]
Scores for complete sequences (score includes all domains):
   --- full sequence ---   --- best 1 domain ---    -#dom-
    E-value  score  bias    E-value  score  bias    exp  N  Sequence             Description
    ------- ------ -----    ------- ------ -----   ---- --  --------             -----------
    4.8e-06   16.7   0.0    0.00032   10.6   0.0    2.1  2  sp|P9WI52|DPRP_MYCTO  Putative decaprenylphosphoryl-5-phospho
    4.8e-06   16.7   0.0    0.00032   10.6   0.0    2.1  2  sp|P9WI53|DPRP_MYCTU  Putative decaprenylphosphoryl-5-phospho
    3.8e-05   13.7   0.0    4.9e-05   13.3   0.0    1.1  1  sp|B2RI48|LPXF_PORG3  Lipid A 4'-phosphatase OS=Porphyromonas
    0.00031   10.7   0.0    0.00044   10.2   0.0    1.2  1  sp|O34349|PGPB_BACSU  Phosphatidylglycerophosphatase B OS=Bac
     0.0013    8.6   1.6      0.032    4.0   0.0    2.0  2  sp|Q1MA49|LPXE_RHIJ3  Lipid A 1-phosphatase OS=Rhizobium john
     0.0018    8.1   2.3      0.038    3.8   1.1    2.0  2  sp|Q2K2U9|LPXE_RHIEC  Lipid A 1-phosphatase OS=Rhizobium etli


Domain annotation for each sequence (and alignments):
>> sp|P9WI52|DPRP_MYCTO  Putative decaprenylphosphoryl-5-phosphoribose phosphatase MT3914 OS=Mycobacterium tuberculosis 
   #    score  bias  c-Evalue  i-Evalue hmmfrom  hmm to    alifrom  ali to    envfrom  env to     acc
 ---   ------ ----- --------- --------- ------- -------    ------- -------    ------- -------    ----
   1 !    4.1   0.0    0.0064     0.031      14      69 ..      56     107 ..      50     123 .. 0.78
   2 !   10.6   0.0   6.6e-05   0.00032     484     512 ..     136     164 ..     131     171 .. 0.89

  Alignments for each domain:
  == domain 1  score: 4.1 bits;  conditional E-value: 0.0064
          chosen_VCPOs  14 lerRslLlgglggaaalalltlgntgtaaaasseseeesaiefdldtdnlikdlep 69 
                            +rR  L++g+g+  a a++ l+++  +++      +++ai++++dt   +++ + 
  sp|P9WI52|DPRP_MYCTO  56 RRRREWLVAGAGAFVAHAIAVLIKRLVRRQR----PDHPAIAVNVDTPSQLSFPSA 107
                           58999******99999999999999999988....457888888888888777663 PP

  == domain 2  score: 10.6 bits;  conditional E-value: 6.6e-05
          chosen_VCPOs 484 aeSRvwgGvHfektverslefGeqfgDla 512
                           a SR+ +GvH+  +v  ++ +G+ +g  +
  sp|P9WI52|DPRP_MYCTO 136 ALSRILLGVHYPSDVAVGVALGATVGAIV 164
                           78*********************999665 PP

>> sp|P9WI53|DPRP_MYCTU  Putative decaprenylphosphoryl-5-phosphoribose phosphatase Rv3807c OS=Mycobacterium tuberculosis
   #    score  bias  c-Evalue  i-Evalue hmmfrom  hmm to    alifrom  ali to    envfrom  env to     acc
 ---   ------ ----- --------- --------- ------- -------    ------- -------    ------- -------    ----
   1 !    4.1   0.0    0.0064     0.031      14      69 ..      56     107 ..      50     123 .. 0.78
   2 !   10.6   0.0   6.6e-05   0.00032     484     512 ..     136     164 ..     131     171 .. 0.89

  Alignments for each domain:
  == domain 1  score: 4.1 bits;  conditional E-value: 0.0064
          chosen_VCPOs  14 lerRslLlgglggaaalalltlgntgtaaaasseseeesaiefdldtdnlikdlep 69 
                            +rR  L++g+g+  a a++ l+++  +++      +++ai++++dt   +++ + 
  sp|P9WI53|DPRP_MYCTU  56 RRRREWLVAGAGAFVAHAIAVLIKRLVRRQR----PDHPAIAVNVDTPSQLSFPSA 107
                           58999******99999999999999999988....457888888888888777663 PP

  == domain 2  score: 10.6 bits;  conditional E-value: 6.6e-05
          chosen_VCPOs 484 aeSRvwgGvHfektverslefGeqfgDla 512
                           a SR+ +GvH+  +v  ++ +G+ +g  +
  sp|P9WI53|DPRP_MYCTU 136 ALSRILLGVHYPSDVAVGVALGATVGAIV 164
                           78*********************999665 PP

>> sp|B2RI48|LPXF_PORG3  Lipid A 4'-phosphatase OS=Porphyromonas gingivalis (strain ATCC 33277 / DSM 20709 / CIP 103683 
   #    score  bias  c-Evalue  i-Evalue hmmfrom  hmm to    alifrom  ali to    envfrom  env to     acc
 ---   ------ ----- --------- --------- ------- -------    ------- -------    ------- -------    ----
   1 !   13.3   0.0     1e-05   4.9e-05     472     514 ..     132     176 ..     112     182 .. 0.85

  Alignments for each domain:
  == domain 1  score: 13.3 bits;  conditional E-value: 1e-05
          chosen_VCPOs 472 hfptwt..dfvkecaeSRvwgGvHfektverslefGeqfgDlane 514
                           +f twt   +v+   +SR++ GvHf +++  ++ +G  +g  +++
  sp|B2RI48|LPXF_PORG3 132 KFYTWTiwSVVALVIYSRIYIGVHFITDIIPGIAVGLIVGHFVYK 176
                           588888445677889*********************999877765 PP

>> sp|O34349|PGPB_BACSU  Phosphatidylglycerophosphatase B OS=Bacillus subtilis (strain 168) OX=224308 GN=pgpB PE=1 SV=1
   #    score  bias  c-Evalue  i-Evalue hmmfrom  hmm to    alifrom  ali to    envfrom  env to     acc
 ---   ------ ----- --------- --------- ------- -------    ------- -------    ------- -------    ----
   1 !   10.2   0.0   9.1e-05   0.00044     484     505 ..     162     183 ..     157     195 .. 0.91

  Alignments for each domain:
  == domain 1  score: 10.2 bits;  conditional E-value: 9.1e-05
          chosen_VCPOs 484 aeSRvwgGvHfektverslefG 505
                           + SRv++GvHf ++v  ++++G
  sp|O34349|PGPB_BACSU 162 GISRVYLGVHFVTDVLGGFSLG 183
                           89*************9999888 PP

>> sp|Q1MA49|LPXE_RHIJ3  Lipid A 1-phosphatase OS=Rhizobium johnstonii (strain DSM 114642 / LMG 32736 / 3841) OX=216596 
   #    score  bias  c-Evalue  i-Evalue hmmfrom  hmm to    alifrom  ali to    envfrom  env to     acc
 ---   ------ ----- --------- --------- ------- -------    ------- -------    ------- -------    ----
   1 ?    3.1   1.0     0.012     0.059     410     441 ..     142     173 ..     132     181 .. 0.78
   2 !    4.0   0.0    0.0066     0.032     484     509 ..     188     213 ..     179     222 .. 0.89

  Alignments for each domain:
  == domain 1  score: 3.1 bits;  conditional E-value: 0.012
          chosen_VCPOs 410 wasylpvgdhPeYpSgsttlcsAeaqaarrff 441
                           +a +  ++ +  +pSg++t ++A + a+   f
  sp|Q1MA49|LPXE_RHIJ3 142 FAPFSGHSAFESFPSGHSTTVGAFFAAFALLF 173
                           556666778889***********998876655 PP

  == domain 2  score: 4.0 bits;  conditional E-value: 0.0066
          chosen_VCPOs 484 aeSRvwgGvHfektverslefGeqfg 509
                           ++ Rv+ G H+  +v  +l fG+ f+
  sp|Q1MA49|LPXE_RHIJ3 188 GMTRVMVGAHYPSDVIAGLAFGAWFS 213
                           789*******************9887 PP

>> sp|Q2K2U9|LPXE_RHIEC  Lipid A 1-phosphatase OS=Rhizobium etli (strain ATCC 51251 / DSM 11541 / JCM 21823 / NBRC 15573
   #    score  bias  c-Evalue  i-Evalue hmmfrom  hmm to    alifrom  ali to    envfrom  env to     acc
 ---   ------ ----- --------- --------- ------- -------    ------- -------    ------- -------    ----
   1 !    3.8   1.1    0.0078     0.038     409     441 ..     123     155 ..     107     164 .. 0.78
   2 !    3.6   0.0    0.0089     0.043     484     509 ..     170     195 ..     161     205 .. 0.89

  Alignments for each domain:
  == domain 1  score: 3.8 bits;  conditional E-value: 0.0078
          chosen_VCPOs 409 ewasylpvgdhPeYpSgsttlcsAeaqaarrff 441
                            ++ +  ++ +  +pSg++t ++A + a+   f
  sp|Q2K2U9|LPXE_RHIEC 123 SFTPFSGHAAFESFPSGHSTTVGAFFAAFALLF 155
                           34555556777899**********998876655 PP

  == domain 2  score: 3.6 bits;  conditional E-value: 0.0089
          chosen_VCPOs 484 aeSRvwgGvHfektverslefGeqfg 509
                           ++ Rv+ G H+  +v  +l fG  f+
  sp|Q2K2U9|LPXE_RHIEC 170 GMTRVMVGAHYPSDVIAGLAFGGWFS 195
                           789*******************9886 PP



Internal pipeline statistics summary:
-------------------------------------
Query model(s):                            1  (526 nodes)
Target sequences:                         29  (6714 residues searched)
Passed MSV filter:                        17  (0.586207); expected 0.6 (0.02)
Passed bias filter:                       17  (0.586207); expected 0.6 (0.02)
Passed Vit filter:                        13  (0.448276); expected 0.0 (0.001)
Passed Fwd filter:                         6  (0.206897); expected 0.0 (1e-05)
Initial search space (Z):                 29  [actual number of targets]
Domain search space  (domZ):               6  [number of targets reported over threshold]
# CPU time: 0.01u 0.01s 00:00:00.02 Elapsed: 00:00:00.02
# Mc/sec: 163.19
//
[ok]
